// Jest Snapshot v1, https://goo.gl/fbAQLP

exports[`Checkbox renders the component 1`] = `ShallowWrapper {}`;

exports[`Checkbox renders with a preset label 1`] = `ShallowWrapper {}`;

exports[`Checkbox renders with a preset value 1`] = `ShallowWrapper {}`;
