// Jest Snapshot v1, https://goo.gl/fbAQLP

exports[`Checkbox renders the component as checked 1`] = `ReactWrapper {}`;
